// Jest Snapshot v1, https://goo.gl/fbAQLP

exports[`Modal Deve renderizar filhos 1`] = `
<div
  className="modal modal--active"
  onClick={[Function]}
>
  <div
    className="modal__wrapper"
  >
    <div
      className="widget"
    >
      <h1>
        Titulo do Modal
      </h1>
    </div>
  </div>
</div>
`;
